// Jest Snapshot v1, https://goo.gl/fbAQLP

exports[`ListVeganMenu tests Check ListVeganMenu Snapshot 1`] = `"<div><h1>Vegan meals to order.</h1><button><a href="/menu">Display all meals</a></button>&nbsp;&nbsp;<button><a href="/menu/vegetarian">Display vegetarian meals</a></button><ul><ul><li>Dish: Vanilla Pudding</li><li>Ingredients: Milk, Sugar, Cornstarch, Salt, Vanilla, Butter</li><li>Allergies: Lactose</li><li>Vegan: Yes, swap out milk and butter with vegan alternatives</li><li>Vegetarian: Yes</li><br></ul></ul><a href="/mainPage">Go back to homepage</a></div>"`;
