// Jest Snapshot v1, https://goo.gl/fbAQLP

exports[`ListMenu component Check listMenu Snapshot 1`] = `"<div><h1>Meals to order.</h1><button><a href="/menu/vegan">Display vegan meals</a></button>&nbsp;&nbsp;<button><a href="/menu/vegetarian">Display vegetarian meals</a></button><ul><ul><li>Dish: Pizza</li><li>Ingredients: Flour, Water, Oil, Tomato, Cheese, Seasoning</li><li>Allergies: Gluten, Lactose</li><li>Vegan: No</li><li>Vegetarian: Yes</li><br></ul></ul><a href="/frontpage">Go back to homepage</a></div>"`;
